// Vitest Snapshot v1, https://vitest.dev/guide/snapshot.html

exports[`CommentsModal.vue > se renderiza correctamente 1`] = `
"<div class=\\"modal container max-w-lg overflow-hidden min-w-10 min-h-500 bg-slate-50 dark:bg-slate-900 fixed top-1/2 left-1/2 transform -translate-x-1/2 -translate-y-1/2 text-slate-700 dark:text-slate-200 shadow-lg\\">
  <header class=\\"modal__header header flex flex-row justify-center w-full relative border-b-[1px] border-slate-400 dark:border-slate-700 p-3 px-6\\">
    <h2 class=\\"modal__title header__title text-center text-lg font-bold\\">Comentarios</h2><button class=\\"btn btn--icon bg-slate-50 dark:bg-gray-800 p-2 flex justify-center items-center hover:border-blue-500 dark:hover:border-gray-200 modal__close header__close absolute top-1/2 right-2 transform -translate-y-1/2\\"><svg xmlns=\\"http://www.w3.org/2000/svg\\" viewBox=\\"0 0 24 24\\" fill=\\"currentColor\\" aria-hidden=\\"true\\" class=\\"h-6 w-6\\">
        <path fill-rule=\\"evenodd\\" d=\\"M5.47 5.47a.75.75 0 011.06 0L12 10.94l5.47-5.47a.75.75 0 111.06 1.06L13.06 12l5.47 5.47a.75.75 0 11-1.06 1.06L12 13.06l-5.47 5.47a.75.75 0 01-1.06-1.06L10.94 12 5.47 6.53a.75.75 0 010-1.06z\\" clip-rule=\\"evenodd\\"></path>
      </svg></button>
  </header>
  <main class=\\"modal__main chat flex flex-col-reverse justify-between gap-3 p-3 px-6 custom-scrollbar overflow-auto max-h-96\\">
    <div class=\\"chat-item rounded-sm p-2 max-w-full w-full text-left flex flex-row justify-end items-center gap-3 text-slate-700 dark:text-white chat-item--sent\\">
      <div class=\\"chat-item__blob p-3 px-6 relative text-base leading-tight flex flex-col gap-1 max-w-[85%] bg-blue-600 text-white\\">
        <div class=\\"chat-item__text\\">Hola</div>
        <div class=\\"chat-item__timestamp\\"><span class=\\"text-xs dark:text-gray-300\\">01 ene. 2022 / 01: 00</span></div>
      </div>
      <div class=\\"chat-item__avatar h-6 w-6 flex shrink-0 rounded-2xl overflow-hidden\\"><img class=\\"w-full h-full object-cover object-center\\" src=\\"avatar.png\\" alt=\\"\\"></div>
    </div>
  </main>
  <div class=\\"modal__input flex flex-row p-3 px-6 gap-2 leading-none text-sm border-t-[1px] border-slate-400 dark:border-slate-700\\"><input type=\\"text\\" class=\\"input input--rounded w-full rounded-3xl bg-slate-100 dark:bg-slate-800 border-[1px] border-slate-400 dark:border-slate-700 px-3\\" placeholder=\\"Escribe un mensaje\\"><button class=\\"btn btn--icon bg-slate-50 dark:bg-gray-800 p-2 flex justify-center items-center hover:border-blue-500 dark:hover:border-gray-200\\"><svg xmlns=\\"http://www.w3.org/2000/svg\\" viewBox=\\"0 0 24 24\\" fill=\\"currentColor\\" aria-hidden=\\"true\\" class=\\"h-6 w-6 fill-blue-500 dark:fill-blue-300\\">
        <path d=\\"M3.478 2.405a.75.75 0 00-.926.94l2.432 7.905H13.5a.75.75 0 010 1.5H4.984l-2.432 7.905a.75.75 0 00.926.94 60.519 60.519 0 0018.445-8.986.75.75 0 000-1.218A60.517 60.517 0 003.478 2.405z\\"></path>
      </svg></button></div>
</div>"
`;
