// Vitest Snapshot v1, https://vitest.dev/guide/snapshot.html

exports[`IconButton.vue > se monta correctamente 1`] = `"<button class=\\"btn btn--icon bg-slate-50 dark:bg-gray-800 p-2 flex justify-center items-center hover:border-blue-500 dark:hover:border-gray-200\\"></button>"`;
